Microchip MPLAB XC8 Compiler V1.37 ()

Linker command line:

-W-3 --edf=C:\Program Files (x86)\Microchip\xc8\v1.37\dat\en_msgs.txt -cs \
  -h+dist/default/production\demo1.X.production.sym \
  --cmf=dist/default/production\demo1.X.production.cmf -z -Q16F917 \
  -oC:\Users\Carl\AppData\Local\Temp\s3ts.2 \
  -Mdist/default/production/demo1.X.production.map -E1 -ver=XC8 \
  -ASTACK=0190h-01efh -pstack=STACK -ACODE=00h-07FFhx4 -ASTRCODE=00h-01FFFh \
  -ASTRING=00h-0FFhx32 -ACONST=00h-0FFhx32 -AENTRY=00h-0FFhx32 \
  -ACOMMON=070h-07Fh -ABANK0=020h-06Fh -ABANK1=0A0h-0EFh \
  -ABANK2=0120h-016Fh -ABANK3=0190h-01EFh \
  -ARAM=020h-06Fh,0A0h-0EFh,0120h-016Fh,0190h-01EFh \
  -AABS1=020h-07Fh,0A0h-0EFh,0120h-016Fh,0190h-01EFh -ASFR0=00h-01Fh \
  -ASFR1=080h-09Fh -ASFR2=0100h-011Fh -ASFR3=0180h-018Fh \
  -preset_vec=00h,intentry,init,end_init -ppowerup=CODE -pcinit=CODE \
  -pfunctab=CODE -ACONFIG=02007h-02007h -pconfig=CONFIG -DCONFIG=2 \
  -AIDLOC=02000h-02003h -pidloc=IDLOC -DIDLOC=2 -AEEDATA=00h-0FFh/02100h \
  -peeprom_data=EEDATA -DEEDATA=2 -DCODE=2 -DSTRCODE=2 -DSTRING=2 -DCONST=2 \
  -DENTRY=2 -k C:\Users\Carl\AppData\Local\Temp\s3ts.obj \
  dist/default/production\demo1.X.production.obj 

Object code version is 3.11

Machine type is 16F917



                Name                               Link     Load   Length Selector   Space Scale
C:\Users\Carl\AppData\Local\Temp\s3ts.obj
                end_init                              0        0        3        0       0
                config                             2007     2007        1     400E       0
dist/default/production\demo1.X.production.obj
                cinit                               7FC      7FC        4      FF8       0
                text7                               6E4      6E4       28      DC8       0
                text6                               70C      70C       75      E18       0
                text5                               781      781       7B      F02       0
                text4                               69F      69F        A      D3E       0
                text3                               6C4      6C4        F      D88       0
                text2                               6A9      6A9        D      D52       0
                text1                               6B6      6B6        E      D6C       0
                maintext                            6D3      6D3       11      DA6       0
                cstackBANK0                          20       20       10       20       1
                cstackCOMMON                         70       70        D       70       1
                nvBANK0                              30       30        2       20       1

TOTAL           Name                               Link     Load   Length     Space
        CLASS   STACK          

        CLASS   CODE           
                end_init                              0        0        3         0
                cinit                               7FC      7FC        4         0
                text7                               6E4      6E4       28         0
                text6                               70C      70C       75         0
                text5                               781      781       7B         0
                text4                               69F      69F        A         0
                text3                               6C4      6C4        F         0
                text2                               6A9      6A9        D         0
                text1                               6B6      6B6        E         0
                maintext                            6D3      6D3       11         0

        CLASS   STRCODE        

        CLASS   STRING         

        CLASS   CONST          

        CLASS   ENTRY          

        CLASS   COMMON         
                cstackCOMMON                         70       70        D         1

        CLASS   BANK0          
                cstackBANK0                          20       20       10         1
                nvBANK0                              30       30        2         1

        CLASS   BANK1          

        CLASS   BANK2          

        CLASS   BANK3          

        CLASS   RAM            

        CLASS   ABS1           
                abs_s1                               7E       7E        2         1

        CLASS   SFR0           

        CLASS   SFR1           

        CLASS   SFR2           

        CLASS   SFR3           

        CLASS   CONFIG         
                config                             2007     2007        1         0

        CLASS   IDLOC          

        CLASS   EEDATA         



SEGMENTS        Name                           Load    Length   Top    Selector   Space  Class     Delta

                reset_vec                      000000  000003  000003         0       0  CODE        2
                cstackBANK0                    000020  000012  000032        20       1  BANK0       1
                cstackCOMMON                   000070  00000D  00007D        70       1  COMMON      1
                text4                          00069F  00000A  0006A9       D3E       0  CODE        2
                text2                          0006A9  00000D  0006B6       D52       0  CODE        2
                text1                          0006B6  00000E  0006C4       D6C       0  CODE        2
                text3                          0006C4  00000F  0006D3       D88       0  CODE        2
                maintext                       0006D3  000011  0006E4       DA6       0  CODE        2
                text7                          0006E4  000028  00070C       DC8       0  CODE        2
                text6                          00070C  000075  000781       E18       0  CODE        2
                text5                          000781  00007B  0007FC       F02       0  CODE        2
                cinit                          0007FC  000004  000800       FF8       0  CODE        2
                config                         002007  000001  002008      400E       0  CONFIG      2


UNUSED ADDRESS RANGES

        Name                Unused          Largest block    Delta
        BANK0            0032-006F             3E           1
        BANK1            00A0-00EF             50           1
        BANK2            0120-016F             50           1
        BANK3            0190-01EF             60           1
        CODE             0003-069E            69C           2
                         0800-1FFF            800
        COMMON           007D-007D              1           1
        CONST            0003-069E            100           2
                         0800-1FFF            100
        EEDATA           2100-21FF            100           2
        ENTRY            0003-069E            100           2
                         0800-1FFF            100
        IDLOC            2000-2003              4           2
        RAM              0032-006F             3E           1
                         00A0-00EF             50
                         0120-016F             50
                         0190-01EF             60
        SFR0             0000-001F             20           1
        SFR1             0080-009F             20           1
        SFR2             0100-011F             20           1
        SFR3             0180-018F             10           1
        STACK            0190-01EF             60           1
        STRCODE          0003-069E            69C           2
                         0800-1FFF           1800
        STRING           0003-069E            100           2
                         0800-1FFF            100

                                  Symbol Table

?_get_direction             cstackBANK0  0028
?_get_hall_state            cstackCOMMON 0076
_ANSEL                      (abs)        0091
_PORTCbits                  (abs)        0007
_PORTDbits                  (abs)        0008
_PORTEbits                  (abs)        0009
_TRISA                      (abs)        0085
_TRISB                      (abs)        0086
_TRISC                      (abs)        0087
_TRISD                      (abs)        0088
_TRISE                      (abs)        0089
__CFG_BOREN$ON              (abs)        0000
__CFG_CP$OFF                (abs)        0000
__CFG_CPD$OFF               (abs)        0000
__CFG_DEBUG$ON              (abs)        0000
__CFG_FCMEN$ON              (abs)        0000
__CFG_FOSC$HS               (abs)        0000
__CFG_IESO$ON               (abs)        0000
__CFG_MCLRE$ON              (abs)        0000
__CFG_PWRTE$OFF             (abs)        0000
__CFG_WDTE$OFF              (abs)        0000
__Habs1                     abs1         0000
__Hbank0                    bank0        0000
__Hbank1                    bank1        0000
__Hbank2                    bank2        0000
__Hbank3                    bank3        0000
__Hcinit                    cinit        0800
__Hclrtext                  clrtext      0000
__Hcode                     code         0000
__Hcommon                   common       0000
__Hconfig                   config       2008
__HcstackBANK0              cstackBANK0  0000
__HcstackCOMMON             cstackCOMMON 0000
__Heeprom_data              eeprom_data  0000
__Hend_init                 end_init     0003
__Hfunctab                  functab      0000
__Hidloc                    idloc        0000
__Hinit                     init         0000
__Hintentry                 intentry     0000
__Hmaintext                 maintext     0000
__HnvBANK0                  nvBANK0      0000
__Hpowerup                  powerup      0000
__Hram                      ram          0000
__Hreset_vec                reset_vec    0000
__Hsfr0                     sfr0         0000
__Hsfr1                     sfr1         0000
__Hsfr2                     sfr2         0000
__Hsfr3                     sfr3         0000
__Hspace_0                  (abs)        2008
__Hspace_1                  (abs)        007D
__Hspace_2                  (abs)        0000
__Hspace_3                  (abs)        0000
__Hstack                    stack        0000
__Hstrings                  strings      0000
__Htext                     text         0000
__Labs1                     abs1         0000
__Lbank0                    bank0        0000
__Lbank1                    bank1        0000
__Lbank2                    bank2        0000
__Lbank3                    bank3        0000
__Lcinit                    cinit        07FC
__Lclrtext                  clrtext      0000
__Lcode                     code         0000
__Lcommon                   common       0000
__Lconfig                   config       2007
__LcstackBANK0              cstackBANK0  0000
__LcstackCOMMON             cstackCOMMON 0000
__Leeprom_data              eeprom_data  0000
__Lend_init                 end_init     0000
__Lfunctab                  functab      0000
__Lidloc                    idloc        0000
__Linit                     init         0000
__Lintentry                 intentry     0000
__Lmaintext                 maintext     0000
__LnvBANK0                  nvBANK0      0000
__Lpowerup                  powerup      0000
__Lram                      ram          0000
__Lreset_vec                reset_vec    0000
__Lsfr0                     sfr0         0000
__Lsfr1                     sfr1         0000
__Lsfr2                     sfr2         0000
__Lsfr3                     sfr3         0000
__Lspace_0                  (abs)        0000
__Lspace_1                  (abs)        0000
__Lspace_2                  (abs)        0000
__Lspace_3                  (abs)        0000
__Lstack                    stack        0000
__Lstrings                  strings      0000
__Ltext                     text         0000
__S0                        (abs)        2008
__S1                        (abs)        007D
__S2                        (abs)        0000
__S3                        (abs)        0000
___int_sp                   stack        0000
___latbits                  (abs)        0002
___sp                       stack        0000
__end_of__initialization    cinit        07FC
__end_of_get_direction      text5        07FC
__end_of_get_hall_state     text6        0781
__end_of_init_hall          text4        06A9
__end_of_init_pin           text3        06D3
__end_of_main               maintext     06E4
__end_of_read_hall          text7        070C
__end_of_setup_mcu          text1        06C4
__end_of_setup_port         text2        06B6
__initialization            cinit        07FC
__pcstackBANK0              cstackBANK0  0020
__pcstackCOMMON             cstackCOMMON 0070
__pmaintext                 maintext     06D3
__pnvBANK0                  nvBANK0      0030
__ptext1                    text1        06B6
__ptext2                    text2        06A9
__ptext3                    text3        06C4
__ptext4                    text4        069F
__ptext5                    text5        0781
__ptext6                    text6        070C
__ptext7                    text7        06E4
__size_of_get_direction     (abs)        0000
__size_of_get_hall_state    (abs)        0000
__size_of_init_hall         (abs)        0000
__size_of_init_pin          (abs)        0000
__size_of_main              (abs)        0000
__size_of_read_hall         (abs)        0000
__size_of_setup_mcu         (abs)        0000
__size_of_setup_port        (abs)        0000
_get_direction              text5        0781
_get_hall_state             text6        070C
_init_hall                  text4        069F
_init_pin                   text3        06C4
_init_state                 nvBANK0      0030
_main                       maintext     06D3
_read_hall                  text7        06E4
_setup_mcu                  text1        06B6
_setup_port                 text2        06A9
btemp                       (abs)        007E
end_of_initialization       cinit        07FC
get_direction@current_state cstackBANK0  002C
get_direction@direction     cstackBANK0  002A
get_hall_state@hallA        cstackBANK0  0022
get_hall_state@hallB        cstackBANK0  0024
get_hall_state@hallC        cstackBANK0  0026
get_hall_state@state        cstackBANK0  0020
intlevel0                   functab      0000
intlevel1                   functab      0000
intlevel2                   functab      0000
intlevel3                   functab      0000
intlevel4                   functab      0000
intlevel5                   functab      0000
ltemp                       (abs)        007E
ltemp0                      (abs)        007E
ltemp1                      (abs)        0082
ltemp2                      (abs)        0086
ltemp3                      (abs)        0080
main@d                      cstackBANK0  002E
read_hall@hall_A            cstackCOMMON 0075
read_hall@hall_B            cstackCOMMON 0070
read_hall@hall_C            cstackCOMMON 0071
reset_vec                   reset_vec    0000
stackhi                     (abs)        0000
stacklo                     (abs)        0000
start                       init         0000
start_initialization        cinit        07FC
ttemp                       (abs)        007E
ttemp0                      (abs)        007E
ttemp1                      (abs)        0081
ttemp2                      (abs)        0084
ttemp3                      (abs)        0087
ttemp4                      (abs)        007F
wtemp                       (abs)        007E
wtemp0                      (abs)        007E
wtemp1                      (abs)        0080
wtemp2                      (abs)        0082
wtemp3                      (abs)        0084
wtemp4                      (abs)        0086
wtemp5                      (abs)        0088
wtemp6                      (abs)        007F


FUNCTION INFORMATION:

 *************** function _main *****************
 Defined at:
		line 9 in file "main.c"
 Parameters:    Size  Location     Type
		None
 Auto vars:     Size  Location     Type
  d               2   14[BANK0 ] int 
 Return value:  Size  Location     Type
                  1    wreg      void 
 Registers used:
		wreg, fsr0l, fsr0h, status,2, status,0, pclath, cstack
 Tracked objects:
		On entry : 
		On exit  : 
		Unchanged: 
 Data sizes:     COMMON   BANK0   BANK1   BANK3   BANK2
      Params:         0       0       0       0       0
      Locals:         0       2       0       0       0
      Temps:          0       0       0       0       0
      Totals:         0       2       0       0       0
Total ram usage:        2 bytes
 Hardware stack levels required when called:    4
 This function calls:
		_get_direction
		_setup_mcu
 This function is called by:
		Startup code after reset
 This function uses a non-reentrant model


 *************** function _setup_mcu *****************
 Defined at:
		line 9 in file "micro_setup.c"
 Parameters:    Size  Location     Type
		None
 Auto vars:     Size  Location     Type
		None
 Return value:  Size  Location     Type
                  1    wreg      void 
 Registers used:
		wreg, fsr0l, fsr0h, status,2, status,0, pclath, cstack
 Tracked objects:
		On entry : 
		On exit  : 
		Unchanged: 
 Data sizes:     COMMON   BANK0   BANK1   BANK3   BANK2
      Params:         0       0       0       0       0
      Locals:         0       0       0       0       0
      Temps:          0       0       0       0       0
      Totals:         0       0       0       0       0
Total ram usage:        0 bytes
 Hardware stack levels used:    1
 Hardware stack levels required when called:    3
 This function calls:
		_init_hall
		_init_pin
		_setup_port
 This function is called by:
		_main
 This function uses a non-reentrant model


 *************** function _setup_port *****************
 Defined at:
		line 16 in file "micro_setup.c"
 Parameters:    Size  Location     Type
		None
 Auto vars:     Size  Location     Type
		None
 Return value:  Size  Location     Type
                  1    wreg      void 
 Registers used:
		wreg, status,2
 Tracked objects:
		On entry : 
		On exit  : 
		Unchanged: 
 Data sizes:     COMMON   BANK0   BANK1   BANK3   BANK2
      Params:         0       0       0       0       0
      Locals:         0       0       0       0       0
      Temps:          0       0       0       0       0
      Totals:         0       0       0       0       0
Total ram usage:        0 bytes
 Hardware stack levels used:    1
 This function calls:
		Nothing
 This function is called by:
		_setup_mcu
 This function uses a non-reentrant model


 *************** function _init_pin *****************
 Defined at:
		line 30 in file "micro_setup.c"
 Parameters:    Size  Location     Type
		None
 Auto vars:     Size  Location     Type
		None
 Return value:  Size  Location     Type
                  1    wreg      void 
 Registers used:
		None
 Tracked objects:
		On entry : 
		On exit  : 
		Unchanged: 
 Data sizes:     COMMON   BANK0   BANK1   BANK3   BANK2
      Params:         0       0       0       0       0
      Locals:         0       0       0       0       0
      Temps:          0       0       0       0       0
      Totals:         0       0       0       0       0
Total ram usage:        0 bytes
 Hardware stack levels used:    1
 This function calls:
		Nothing
 This function is called by:
		_setup_mcu
 This function uses a non-reentrant model


 *************** function _init_hall *****************
 Defined at:
		line 47 in file "micro_setup.c"
 Parameters:    Size  Location     Type
		None
 Auto vars:     Size  Location     Type
		None
 Return value:  Size  Location     Type
                  1    wreg      void 
 Registers used:
		wreg, fsr0l, fsr0h, status,2, status,0, pclath, cstack
 Tracked objects:
		On entry : 
		On exit  : 
		Unchanged: 
 Data sizes:     COMMON   BANK0   BANK1   BANK3   BANK2
      Params:         0       0       0       0       0
      Locals:         0       0       0       0       0
      Temps:          0       0       0       0       0
      Totals:         0       0       0       0       0
Total ram usage:        0 bytes
 Hardware stack levels used:    1
 Hardware stack levels required when called:    2
 This function calls:
		_get_hall_state
 This function is called by:
		_setup_mcu
 This function uses a non-reentrant model


 *************** function _get_direction *****************
 Defined at:
		line 49 in file "hall_effect.c"
 Parameters:    Size  Location     Type
		None
 Auto vars:     Size  Location     Type
  current_stat    2   12[BANK0 ] int 
  direction       2   10[BANK0 ] int 
 Return value:  Size  Location     Type
                  2    8[BANK0 ] int 
 Registers used:
		wreg, fsr0l, fsr0h, status,2, status,0, pclath, cstack
 Tracked objects:
		On entry : 
		On exit  : 
		Unchanged: 
 Data sizes:     COMMON   BANK0   BANK1   BANK3   BANK2
      Params:         0       2       0       0       0
      Locals:         0       4       0       0       0
      Temps:          3       0       0       0       0
      Totals:         3       6       0       0       0
Total ram usage:        9 bytes
 Hardware stack levels used:    1
 Hardware stack levels required when called:    2
 This function calls:
		_get_hall_state
 This function is called by:
		_main
 This function uses a non-reentrant model


 *************** function _get_hall_state *****************
 Defined at:
		line 15 in file "hall_effect.c"
 Parameters:    Size  Location     Type
		None
 Auto vars:     Size  Location     Type
  hallC           2    6[BANK0 ] int 
  hallB           2    4[BANK0 ] int 
  hallA           2    2[BANK0 ] int 
  state           2    0[BANK0 ] int 
 Return value:  Size  Location     Type
                  2    6[COMMON] int 
 Registers used:
		wreg, fsr0l, fsr0h, status,2, status,0, pclath, cstack
 Tracked objects:
		On entry : 
		On exit  : 
		Unchanged: 
 Data sizes:     COMMON   BANK0   BANK1   BANK3   BANK2
      Params:         2       0       0       0       0
      Locals:         0       8       0       0       0
      Temps:          2       0       0       0       0
      Totals:         4       8       0       0       0
Total ram usage:       12 bytes
 Hardware stack levels used:    1
 Hardware stack levels required when called:    1
 This function calls:
		_read_hall
 This function is called by:
		_init_hall
		_get_direction
		_hall_LED_state
 This function uses a non-reentrant model


 *************** function _read_hall *****************
 Defined at:
		line 8 in file "hall_effect.c"
 Parameters:    Size  Location     Type
  hall_A          1    wreg     PTR int 
		 -> get_hall_state@hallA(2), 
  hall_B          1    0[COMMON] PTR int 
		 -> get_hall_state@hallB(2), 
  hall_C          1    1[COMMON] PTR int 
		 -> get_hall_state@hallC(2), 
 Auto vars:     Size  Location     Type
  hall_A          1    5[COMMON] PTR int 
		 -> get_hall_state@hallA(2), 
 Return value:  Size  Location     Type
                  1    wreg      void 
 Registers used:
		wreg, fsr0l, fsr0h, status,2, status,0
 Tracked objects:
		On entry : 
		On exit  : 
		Unchanged: 
 Data sizes:     COMMON   BANK0   BANK1   BANK3   BANK2
      Params:         2       0       0       0       0
      Locals:         1       0       0       0       0
      Temps:          3       0       0       0       0
      Totals:         6       0       0       0       0
Total ram usage:        6 bytes
 Hardware stack levels used:    1
 This function calls:
		Nothing
 This function is called by:
		_get_hall_state
 This function uses a non-reentrant model



MODULE INFORMATION

Module		Function		Class		Link	Load	Size
micro_setup.c
		_init_pin      		CODE           	06C4	0000	16
		_setup_mcu     		CODE           	06B6	0000	15
		_setup_port    		CODE           	06A9	0000	14
		_init_hall     		CODE           	069F	0000	11

micro_setup.c estimated size: 56

shared
		__initialization		CODE           	07FC	0000	1

shared estimated size: 1

hall_effect.c
		_read_hall     		CODE           	06E4	0000	41
		_get_hall_state		CODE           	070C	0000	118
		_get_direction 		CODE           	0781	0000	124

hall_effect.c estimated size: 283

main.c
		_main          		CODE           	06D3	0000	18

main.c estimated size: 18

