Microchip MPLAB XC8 Compiler V1.38 ()

Linker command line:

-W-3 --edf=C:\Program Files (x86)\Microchip\xc8\v1.38\dat\en_msgs.txt -cs \
  -h+dist/default/debug\Sensor_Glove.debug.sym \
  --cmf=dist/default/debug\Sensor_Glove.debug.cmf -z -Q18F87J10 \
  -oC:\Users\INTERN~1\AppData\Local\Temp\s5ss.2 \
  -Mdist/default/debug/Sensor_Glove.debug.map -E1 -ver=XC8 \
  -ASTACK=060h-0f5fh -pstack=STACK -ACODE=00h-01FFF7h -ACONST=00h-01FFF7h \
  -ASMALLCONST=01000h-010FFhx495,01FF00h-01FFF7h \
  -AMEDIUMCONST=01000h-0FFFFh,011000h-01FFF7h -ACOMRAM=01h-05Fh \
  -AABS1=00h-0F5Fh -ABIGRAM=01h-0F5Fh \
  -ARAM=060h-0FFh,0100h-01FFhx14,0F00h-0F5Fh -ABANK0=060h-0FFh \
  -ABANK1=0100h-01FFh -ABANK2=0200h-02FFh -ABANK3=0300h-03FFh \
  -ABANK4=0400h-04FFh -ABANK5=0500h-05FFh -ABANK6=0600h-06FFh \
  -ABANK7=0700h-07FFh -ABANK8=0800h-08FFh -ABANK9=0900h-09FFh \
  -ABANK10=0A00h-0AFFh -ABANK11=0B00h-0BFFh -ABANK12=0C00h-0CFFh \
  -ABANK13=0D00h-0DFFh -ABANK14=0E00h-0EFFh -ABANK15=0F00h-0F5Fh \
  -ASFR=0F60h-0FFCh -preset_vec=00h,intcode,intcodelo,powerup,init,end_init \
  -pramtop=01000h -psmallconst=SMALLCONST -pmediumconst=MEDIUMCONST \
  -pconst=CONST -AFARRAM=00h-00h -ACONFIG=01FFF8h-01FFFDh -pconfig=CONFIG \
  -pjflash_buffer=01F800h \
  -prdata=COMRAM,nvrram=COMRAM,nvbit=COMRAM,rbss=COMRAM,rbit=COMRAM \
  -pfarbss=FARRAM,fardata=FARRAM,nvFARRAM=FARRAM \
  -pintsave_regs=BIGRAM,bigbss=BIGRAM,bigdata=BIGRAM -pbss=RAM \
  -pidata=CODE,irdata=CODE,ibigdata=CODE,ifardata=CODE -prparam=COMRAM \
  C:\Users\INTERN~1\AppData\Local\Temp\s5ss.obj \
  dist/default/debug\Sensor_Glove.debug.obj 

Object code version is 3.11

Machine type is 18F87J10

Call graph: (short form)




                Name                               Link     Load   Length Selector   Space Scale
C:\Users\INTERN~1\AppData\Local\Temp\s5ss.obj
                end_init                              2        2        4        0       0
                reset_vec                             0        0        2        0       0
                config                            1FFF8    1FFF8        6    1FFF8       0
dist/default/debug\Sensor_Glove.debug.obj
                text4                             1FF74    1FF74       84     FFBA       0
                text3                             1FF34    1FF34       40     FF9A       0
                text2                             1FED4    1FED4       22     FF6A       0
                text1                             1FEB8    1FEB8       1C     FF5C       0
                text0                             1FEF6    1FEF6       3E     FF7B       0
                cstackCOMRAM                          1        1        F        1       1
                cinit                             1FEB2    1FEB2        6     FF59       0

TOTAL           Name                               Link     Load   Length     Space
        CLASS   STACK          

        CLASS   CODE           
                end_init                              2        2        4         0
                reset_vec                             0        0        2         0
                text4                             1FF74    1FF74       84         0
                text3                             1FF34    1FF34       40         0
                text2                             1FED4    1FED4       22         0
                text1                             1FEB8    1FEB8       1C         0
                text0                             1FEF6    1FEF6       3E         0
                cinit                             1FEB2    1FEB2        6         0

        CLASS   CONST          

        CLASS   SMALLCONST     

        CLASS   MEDIUMCONST    

        CLASS   COMRAM         
                cstackCOMRAM                          1        1        F         1

        CLASS   ABS1           

        CLASS   BIGRAM         

        CLASS   RAM            

        CLASS   BANK0          

        CLASS   BANK1          

        CLASS   BANK2          

        CLASS   BANK3          

        CLASS   BANK4          

        CLASS   BANK5          

        CLASS   BANK6          

        CLASS   BANK7          

        CLASS   BANK8          

        CLASS   BANK9          

        CLASS   BANK10         

        CLASS   BANK11         

        CLASS   BANK12         

        CLASS   BANK13         

        CLASS   BANK14         

        CLASS   BANK15         

        CLASS   SFR            

        CLASS   FARRAM         

        CLASS   CONFIG         
                config                            1FFF8    1FFF8        6         0

        CLASS   IDLOC          



SEGMENTS        Name                           Load    Length   Top    Selector   Space  Class

                reset_vec                      000000  000006  000006         0       0  CODE    
                cstackCOMRAM                   000001  00000F  000010         1       1  COMRAM  
                cinit                          01FEB2  000006  01FEB8      FF59       0  CODE    
                text1                          01FEB8  00001C  01FED4      FF5C       0  CODE    
                text2                          01FED4  000022  01FEF6      FF6A       0  CODE    
                text0                          01FEF6  00003E  01FF34      FF7B       0  CODE    
                text3                          01FF34  000040  01FF74      FF9A       0  CODE    
                text4                          01FF74  000084  01FFF8      FFBA       0  CODE    
                config                         01FFF8  000006  01FFFE     1FFF8       0  CONFIG  


UNUSED ADDRESS RANGES

        Name                Unused          Largest block    Delta
        BANK0            00060-000FF              A0
        BANK1            00100-001FF             100
        BANK10           00A00-00AFF             100
        BANK11           00B00-00BFF             100
        BANK12           00C00-00CFF             100
        BANK13           00D00-00DFF             100
        BANK14           00E00-00EFF             100
        BANK15           00F00-00F5F              60
        BANK2            00200-002FF             100
        BANK3            00300-003FF             100
        BANK4            00400-004FF             100
        BANK5            00500-005FF             100
        BANK6            00600-006FF             100
        BANK7            00700-007FF             100
        BANK8            00800-008FF             100
        BANK9            00900-009FF             100
        BIGRAM           00010-00F5F             F50
        CODE             00006-1FEB1           1FEAC
        COMRAM           00010-0005F              50
        CONST            00006-1FEB1           1FEAC
        MEDIUMCONST      01000-0FFFF            F000
                         11000-1FEB1            EEB2
        RAM              00060-00F5F             100
        SFR              00F60-00FFC              9D
        SMALLCONST       01000-1FEB1             100
        STACK            00060-00F5F             F00

                                  Symbol Table

?___awdiv                cstackCOMRAM  00001
_PIE1bits                (abs)         00F9D
_PORTCbits               (abs)         00F82
_PORTDbits               (abs)         00F83
_PORTEbits               (abs)         00F84
_RCSTAbits               (abs)         00FAB
_SPBRG                   (abs)         00FAF
_SSP1BUF                 (abs)         00FC9
_SSP1CON1bits            (abs)         00FC6
_SSP1STATbits            (abs)         00FC7
_TRISA                   (abs)         00F92
_TRISB                   (abs)         00F93
_TRISC                   (abs)         00F94
_TRISD                   (abs)         00F95
_TRISE                   (abs)         00F96
_TRISF                   (abs)         00F97
_TXSTA                   (abs)         00FAC
__CFG_CP0$OFF            (abs)         00000
__CFG_DEBUG$ON           (abs)         00000
__CFG_FCMEN$ON           (abs)         00000
__CFG_FOSC$HS            (abs)         00000
__CFG_FOSC2$ON           (abs)         00000
__CFG_IESO$OFF           (abs)         00000
__CFG_STVREN$ON          (abs)         00000
__CFG_WDTEN$OFF          (abs)         00000
__CFG_XINST$OFF          (abs)         00000
__HRAM                   (abs)         00000
__Habs1                  abs1          00000
__Hbank0                 bank0         00000
__Hbank1                 bank1         00000
__Hbank10                bank10        00000
__Hbank11                bank11        00000
__Hbank12                bank12        00000
__Hbank13                bank13        00000
__Hbank14                bank14        00000
__Hbank15                bank15        00000
__Hbank2                 bank2         00000
__Hbank3                 bank3         00000
__Hbank4                 bank4         00000
__Hbank5                 bank5         00000
__Hbank6                 bank6         00000
__Hbank7                 bank7         00000
__Hbank8                 bank8         00000
__Hbank9                 bank9         00000
__Hbigbss                bigbss        00000
__Hbigdata               bigdata       00000
__Hbigram                bigram        00000
__Hbss                   bss           00000
__Hcinit                 cinit         00000
__Hclrtext               clrtext       00000
__Hcomram                comram        00000
__Hconfig                config        1FFFE
__Hconst                 const         00000
__HcstackCOMRAM          cstackCOMRAM  00000
__Hdata                  data          00000
__Hend_init              end_init      00006
__Hfarbss                farbss        00000
__Hfardata               fardata       00000
__Hibigdata              ibigdata      00000
__Hidata                 idata         00000
__Hidloc                 idloc         00000
__Hifardata              ifardata      00000
__Hinit                  init          00002
__Hintcode               intcode       00002
__Hintcode_body          intcode_body  00000
__Hintcodelo             intcodelo     00002
__Hintentry              intentry      00000
__Hintret                intret        00000
__Hintsave_regs          intsave_regs  00000
__Hirdata                irdata        00000
__Hjflash_buffer         jflash_buffer 1F800
__Hmediumconst           mediumconst   00000
__HnvFARRAM              nvFARRAM      00000
__Hnvbit                 nvbit         00000
__Hnvrram                nvrram        00000
__Hparam                 rparam        00000
__Hpowerup               powerup       00002
__Hram                   ram           00000
__Hramtop                ramtop        01000
__Hrbit                  rbit          00000
__Hrbss                  rbss          00000
__Hrdata                 rdata         00000
__Hreset_vec             reset_vec     00002
__Hrparam                rparam        00000
__Hsfr                   sfr           00000
__Hsmallconst            smallconst    00000
__Hspace_0               (abs)         1FFFE
__Hspace_1               (abs)         00010
__Hspace_2               (abs)         00000
__Hstack                 stack         00000
__Hstruct                struct        00000
__Htemp                  temp          00000
__Htext                  text          00000
__Htext0                 text0         00000
__Htext1                 text1         00000
__Htext2                 text2         00000
__Htext3                 text3         00000
__Htext4                 text4         00000
__LRAM                   (abs)         00001
__Labs1                  abs1          00000
__Lbank0                 bank0         00000
__Lbank1                 bank1         00000
__Lbank10                bank10        00000
__Lbank11                bank11        00000
__Lbank12                bank12        00000
__Lbank13                bank13        00000
__Lbank14                bank14        00000
__Lbank15                bank15        00000
__Lbank2                 bank2         00000
__Lbank3                 bank3         00000
__Lbank4                 bank4         00000
__Lbank5                 bank5         00000
__Lbank6                 bank6         00000
__Lbank7                 bank7         00000
__Lbank8                 bank8         00000
__Lbank9                 bank9         00000
__Lbigbss                bigbss        00000
__Lbigdata               bigdata       00000
__Lbigram                bigram        00000
__Lbss                   bss           00000
__Lcinit                 cinit         00000
__Lclrtext               clrtext       00000
__Lcomram                comram        00000
__Lconfig                config        1FFF8
__Lconst                 const         00000
__LcstackCOMRAM          cstackCOMRAM  00000
__Ldata                  data          00000
__Lend_init              end_init      00002
__Lfarbss                farbss        00000
__Lfardata               fardata       00000
__Libigdata              ibigdata      00000
__Lidata                 idata         00000
__Lidloc                 idloc         00000
__Lifardata              ifardata      00000
__Linit                  init          00002
__Lintcode               intcode       00002
__Lintcode_body          intcode_body  00000
__Lintcodelo             intcodelo     00002
__Lintentry              intentry      00000
__Lintret                intret        00000
__Lintsave_regs          intsave_regs  00000
__Lirdata                irdata        00000
__Ljflash_buffer         jflash_buffer 1F800
__Lmediumconst           mediumconst   00000
__LnvFARRAM              nvFARRAM      00000
__Lnvbit                 nvbit         00000
__Lnvrram                nvrram        00000
__Lparam                 rparam        00000
__Lpowerup               powerup       00002
__Lram                   ram           00000
__Lramtop                ramtop        01000
__Lrbit                  rbit          00000
__Lrbss                  rbss          00000
__Lrdata                 rdata         00000
__Lreset_vec             reset_vec     00000
__Lrparam                rparam        00000
__Lsfr                   sfr           00000
__Lsmallconst            smallconst    00000
__Lspace_0               (abs)         00000
__Lspace_1               (abs)         00000
__Lspace_2               (abs)         00000
__Lstack                 stack         00000
__Lstruct                struct        00000
__Ltemp                  temp          00000
__Ltext                  text          00000
__Ltext0                 text0         00000
__Ltext1                 text1         00000
__Ltext2                 text2         00000
__Ltext3                 text3         00000
__Ltext4                 text4         00000
__S0                     (abs)         1FFFE
__S1                     (abs)         00010
__S2                     (abs)         00000
___awdiv                 text4         1FF74
___awdiv@counter         cstackCOMRAM  00005
___awdiv@dividend        cstackCOMRAM  00001
___awdiv@divisor         cstackCOMRAM  00003
___awdiv@quotient        cstackCOMRAM  00007
___awdiv@sign            cstackCOMRAM  00006
___extmem_base           (abs)         20000
___inthi_sp              stack         00000
___intlo_sp              stack         00000
___param_bank            (abs)         00010
___rparam_used           (abs)         00001
___sp                    stack         00000
__accesstop              (abs)         00060
__activetblptr           (abs)         00000
__end_of___awdiv         text4         1FFF8
__end_of__initialization cinit         1FEB2
__end_of_delay_ms        text3         1FF74
__end_of_main            text0         1FF34
__end_of_send_spi        text2         1FEF6
__end_of_setup_spi       text1         1FED4
__initialization         cinit         1FEB2
__mediumconst            mediumconst   00000
__pcinit                 cinit         1FEB2
__pcstackCOMRAM          cstackCOMRAM  00001
__ptext0                 text0         1FEF6
__ptext1                 text1         1FEB8
__ptext2                 text2         1FED4
__ptext3                 text3         1FF34
__ptext4                 text4         1FF74
__ramtop                 ramtop        01000
__size_of___awdiv        (abs)         00000
__size_of_delay_ms       (abs)         00000
__size_of_main           (abs)         00000
__size_of_send_spi       (abs)         00000
__size_of_setup_spi      (abs)         00000
__smallconst             smallconst    00000
_delay_ms                text3         1FF34
_main                    text0         1FEF6
_send_spi                text2         1FED4
_setup_spi               text1         1FEB8
delay_ms@j               cstackCOMRAM  0000C
delay_ms@n               cstackCOMRAM  00009
end_of_initialization    cinit         1FEB2
intlevel0                text          00000
intlevel1                text          00000
intlevel2                text          00000
intlevel3                text          00000
main@signal              cstackCOMRAM  0000E
send_spi@signal          cstackCOMRAM  00001
send_spi@x               cstackCOMRAM  00003
send_spi@y               cstackCOMRAM  00005
stackhi                  (abs)         00F5F
stacklo                  (abs)         00060
start                    init          00002
start_initialization     cinit         1FEB2


FUNCTION INFORMATION:

 *************** function _main *****************
 Defined at:
		line 5 in file "main.c"
 Parameters:    Size  Location     Type
		None
 Auto vars:     Size  Location     Type
  signal          2   13[COMRAM] unsigned int 
 Return value:  Size  Location     Type
                  1    wreg      void 
 Registers used:
		wreg, status,2, status,0, cstack
 Tracked objects:
		On entry : 
		On exit  : 
		Unchanged: 
 Data sizes:     COMRAM   BANK0   BANK1   BANK2   BANK3   BANK4   BANK5   BANK6   BANK7   BANK8   BANK9  BANK10  BANK11  BANK12  BANK13  BANK14  BANK15
      Params:         0       0       0       0       0       0       0       0       0       0       0       0       0       0       0       0       0
      Locals:         2       0       0       0       0       0       0       0       0       0       0       0       0       0       0       0       0
      Temps:          0       0       0       0       0       0       0       0       0       0       0       0       0       0       0       0       0
      Totals:         2       0       0       0       0       0       0       0       0       0       0       0       0       0       0       0       0
Total ram usage:        2 bytes
 Hardware stack levels required when called:    2
 This function calls:
		_delay_ms
		_send_spi
		_setup_spi
 This function is called by:
		Startup code after reset
 This function uses a non-reentrant model


 *************** function _setup_spi *****************
 Defined at:
		line 5 in file "spi.c"
 Parameters:    Size  Location     Type
		None
 Auto vars:     Size  Location     Type
		None
 Return value:  Size  Location     Type
                  1    wreg      void 
 Registers used:
		status,2, status,0
 Tracked objects:
		On entry : 
		On exit  : 
		Unchanged: 
 Data sizes:     COMRAM   BANK0   BANK1   BANK2   BANK3   BANK4   BANK5   BANK6   BANK7   BANK8   BANK9  BANK10  BANK11  BANK12  BANK13  BANK14  BANK15
      Params:         0       0       0       0       0       0       0       0       0       0       0       0       0       0       0       0       0
      Locals:         0       0       0       0       0       0       0       0       0       0       0       0       0       0       0       0       0
      Temps:          0       0       0       0       0       0       0       0       0       0       0       0       0       0       0       0       0
      Totals:         0       0       0       0       0       0       0       0       0       0       0       0       0       0       0       0       0
Total ram usage:        0 bytes
 Hardware stack levels used:    1
 This function calls:
		Nothing
 This function is called by:
		_main
 This function uses a non-reentrant model


 *************** function _send_spi *****************
 Defined at:
		line 26 in file "spi.c"
 Parameters:    Size  Location     Type
  signal          2    0[COMRAM] unsigned int 
 Auto vars:     Size  Location     Type
  y               2    4[COMRAM] unsigned int 
  x               2    2[COMRAM] unsigned int 
 Return value:  Size  Location     Type
                  1    wreg      void 
 Registers used:
		wreg, status,2
 Tracked objects:
		On entry : 
		On exit  : 
		Unchanged: 
 Data sizes:     COMRAM   BANK0   BANK1   BANK2   BANK3   BANK4   BANK5   BANK6   BANK7   BANK8   BANK9  BANK10  BANK11  BANK12  BANK13  BANK14  BANK15
      Params:         2       0       0       0       0       0       0       0       0       0       0       0       0       0       0       0       0
      Locals:         4       0       0       0       0       0       0       0       0       0       0       0       0       0       0       0       0
      Temps:          0       0       0       0       0       0       0       0       0       0       0       0       0       0       0       0       0
      Totals:         6       0       0       0       0       0       0       0       0       0       0       0       0       0       0       0       0
Total ram usage:        6 bytes
 Hardware stack levels used:    1
 This function calls:
		Nothing
 This function is called by:
		_main
 This function uses a non-reentrant model


 *************** function _delay_ms *****************
 Defined at:
		line 83 in file "micro_setup.c"
 Parameters:    Size  Location     Type
  n               2    8[COMRAM] int 
 Auto vars:     Size  Location     Type
  j               2   11[COMRAM] int 
 Return value:  Size  Location     Type
                  1    wreg      void 
 Registers used:
		wreg, status,2, status,0, cstack
 Tracked objects:
		On entry : 
		On exit  : 
		Unchanged: 
 Data sizes:     COMRAM   BANK0   BANK1   BANK2   BANK3   BANK4   BANK5   BANK6   BANK7   BANK8   BANK9  BANK10  BANK11  BANK12  BANK13  BANK14  BANK15
      Params:         2       0       0       0       0       0       0       0       0       0       0       0       0       0       0       0       0
      Locals:         2       0       0       0       0       0       0       0       0       0       0       0       0       0       0       0       0
      Temps:          1       0       0       0       0       0       0       0       0       0       0       0       0       0       0       0       0
      Totals:         5       0       0       0       0       0       0       0       0       0       0       0       0       0       0       0       0
Total ram usage:        5 bytes
 Hardware stack levels used:    1
 Hardware stack levels required when called:    1
 This function calls:
		___awdiv
 This function is called by:
		_main
 This function uses a non-reentrant model


 *************** function ___awdiv *****************
 Defined at:
		line 8 in file "C:\Program Files (x86)\Microchip\xc8\v1.38\sources\common\awdiv.c"
 Parameters:    Size  Location     Type
  dividend        2    0[COMRAM] int 
  divisor         2    2[COMRAM] int 
 Auto vars:     Size  Location     Type
  quotient        2    6[COMRAM] int 
  sign            1    5[COMRAM] unsigned char 
  counter         1    4[COMRAM] unsigned char 
 Return value:  Size  Location     Type
                  2    0[COMRAM] int 
 Registers used:
		wreg, status,2, status,0
 Tracked objects:
		On entry : 
		On exit  : 
		Unchanged: 
 Data sizes:     COMRAM   BANK0   BANK1   BANK2   BANK3   BANK4   BANK5   BANK6   BANK7   BANK8   BANK9  BANK10  BANK11  BANK12  BANK13  BANK14  BANK15
      Params:         4       0       0       0       0       0       0       0       0       0       0       0       0       0       0       0       0
      Locals:         4       0       0       0       0       0       0       0       0       0       0       0       0       0       0       0       0
      Temps:          0       0       0       0       0       0       0       0       0       0       0       0       0       0       0       0       0
      Totals:         8       0       0       0       0       0       0       0       0       0       0       0       0       0       0       0       0
Total ram usage:        8 bytes
 Hardware stack levels used:    1
 This function calls:
		Nothing
 This function is called by:
		_delay_ms
 This function uses a non-reentrant model



MODULE INFORMATION

Module		Function		Class		Link	Load	Size
C:\Program Files (x86)\Microchip\xc8\v1.38\sources\common\awdiv.c
		___awdiv       		CODE           	1FF74	0000	133

C:\Program Files (x86)\Microchip\xc8\v1.38\sources\common\awdiv.c estimated size: 133

micro_setup.c
		_delay_ms      		CODE           	1FF34	0000	65

micro_setup.c estimated size: 65

spi.c
		_setup_spi     		CODE           	1FEB8	0000	29
		_send_spi      		CODE           	1FED4	0000	35

spi.c estimated size: 64

shared
		__initialization		CODE           	1FEB2	0000	1

shared estimated size: 1

main.c
		_main          		CODE           	1FEF6	0000	63

main.c estimated size: 63

