Microchip MPLAB XC8 Compiler V1.38 ()

Linker command line:

-W-3 --edf=C:\Program Files (x86)\Microchip\xc8\v1.38\dat\en_msgs.txt -cs \
  -h+dist/default/debug\demo1.X.debug.sym \
  --cmf=dist/default/debug\demo1.X.debug.cmf -z -Q16F917 \
  -oC:\Users\INTERN~1\AppData\Local\Temp\s1o8.2 \
  -Mdist/default/debug/demo1.X.debug.map -E1 -ver=XC8 -ASTACK=0190h-01efh \
  -pstack=STACK -ACODE=00h-07FFhx3,01800h-01EFFh -ASTRCODE=00h-01EFFh \
  -ASTRING=00h-0FFhx31 -ACONST=00h-0FFhx31 -AENTRY=00h-0FFhx31 \
  -ACOMMON=071h-07Fh -ABANK0=020h-06Fh -ABANK1=0A0h-0EFh \
  -ABANK2=0120h-0164h -ABANK3=0190h-01EFh \
  -ARAM=020h-06Fh,0A0h-0EFh,0120h-0164h,0190h-01EFh \
  -AABS1=020h-07Fh,0A0h-0EFh,0120h-016Fh,0190h-01EFh -ASFR0=00h-01Fh \
  -ASFR1=080h-09Fh -ASFR2=0100h-011Fh -ASFR3=0180h-018Fh \
  -preset_vec=00h,intentry,init,end_init -ppowerup=CODE -pcinit=CODE \
  -pfunctab=CODE -ACONFIG=02007h-02007h -pconfig=CONFIG -DCONFIG=2 \
  -AIDLOC=02000h-02003h -pidloc=IDLOC -DIDLOC=2 -AEEDATA=00h-0FFh/02100h \
  -peeprom_data=EEDATA -DEEDATA=2 -DCODE=2 -DSTRCODE=2 -DSTRING=2 -DCONST=2 \
  -DENTRY=2 -k C:\Users\INTERN~1\AppData\Local\Temp\s1o8.obj \
  dist/default/debug\demo1.X.debug.obj 

Object code version is 3.11

Machine type is 16F917



                Name                               Link     Load   Length Selector   Space Scale
C:\Users\INTERN~1\AppData\Local\Temp\s1o8.obj
                end_init                              1        1        3        0       0
                reset_vec                             0        0        1        0       0
                config                             2007     2007        1     400E       0
dist/default/debug\demo1.X.debug.obj
                cinit                               7F0      7F0       10      FE0       0
                text12                              6C3      6C3       28      D86       0
                text11                              77B      77B       75      EF6       0
                text10                              605      605        A      C0A       0
                text9                               633      633        F      C66       0
                text8                               619      619        D      C32       0
                text7                               626      626        D      C4C       0
                text6                               653      653       13      CA6       0
                text5                               741      741       3A      E82       0
                text4                               714      714       2D      E28       0
                text3                               60F      60F        A      C1E       0
                text2                               666      666       1E      CCC       0
                text1                               684      684       1F      D08       0
                maintext                            6A3      6A3       20      D46       0
                cstackBANK0                          49       49        B       20       1
                cstackCOMMON                         71       71        C       71       1
                inittext                            642      642       11      C84       0
                dataBANK0                            20       20       29       20       1
                nvBANK0                              54       54        2       20       1
                idataBANK0                          6EB      6EB       29      DD6       0

TOTAL           Name                               Link     Load   Length     Space
        CLASS   STACK          

        CLASS   CODE           
                end_init                              1        1        3         0
                cinit                               7F0      7F0       10         0
                reset_vec                             0        0        1         0
                text12                              6C3      6C3       28         0
                text11                              77B      77B       75         0
                text10                              605      605        A         0
                text9                               633      633        F         0
                text8                               619      619        D         0
                text7                               626      626        D         0
                text6                               653      653       13         0
                text5                               741      741       3A         0
                text4                               714      714       2D         0
                text3                               60F      60F        A         0
                text2                               666      666       1E         0
                text1                               684      684       1F         0
                maintext                            6A3      6A3       20         0
                inittext                            642      642       11         0
                idataBANK0                          6EB      6EB       29         0

        CLASS   STRCODE        

        CLASS   STRING         

        CLASS   CONST          

        CLASS   ENTRY          

        CLASS   COMMON         
                cstackCOMMON                         71       71        C         1

        CLASS   BANK0          
                cstackBANK0                          49       49        B         1
                dataBANK0                            20       20       29         1
                nvBANK0                              54       54        2         1

        CLASS   BANK1          

        CLASS   BANK2          

        CLASS   BANK3          

        CLASS   RAM            

        CLASS   ABS1           
                abs_s1                               7E       7E        2         1

        CLASS   SFR0           

        CLASS   SFR1           

        CLASS   SFR2           

        CLASS   SFR3           

        CLASS   CONFIG         
                config                             2007     2007        1         0

        CLASS   IDLOC          

        CLASS   EEDATA         



SEGMENTS        Name                           Load    Length   Top    Selector   Space  Class     Delta

                reset_vec                      000000  000004  000004         0       0  CODE        2
                dataBANK0                      000020  000036  000056        20       1  BANK0       1
                cstackCOMMON                   000071  00000C  00007D        71       1  COMMON      1
                text10                         000605  00000A  00060F       C0A       0  CODE        2
                text3                          00060F  00000A  000619       C1E       0  CODE        2
                text8                          000619  00000D  000626       C32       0  CODE        2
                text7                          000626  00000D  000633       C4C       0  CODE        2
                text9                          000633  00000F  000642       C66       0  CODE        2
                inittext                       000642  000011  000653       C84       0  CODE        2
                text6                          000653  000013  000666       CA6       0  CODE        2
                text2                          000666  00001E  000684       CCC       0  CODE        2
                text1                          000684  00001F  0006A3       D08       0  CODE        2
                maintext                       0006A3  000020  0006C3       D46       0  CODE        2
                text12                         0006C3  000028  0006EB       D86       0  CODE        2
                idataBANK0                     0006EB  000029  000714       DD6       0  CODE        2
                text4                          000714  00002D  000741       E28       0  CODE        2
                text5                          000741  00003A  00077B       E82       0  CODE        2
                text11                         00077B  000075  0007F0       EF6       0  CODE        2
                cinit                          0007F0  000010  000800       FE0       0  CODE        2
                config                         002007  000001  002008      400E       0  CONFIG      2


UNUSED ADDRESS RANGES

        Name                Unused          Largest block    Delta
        BANK0            0056-006F             1A           1
        BANK1            00A0-00EF             50           1
        BANK2            0120-0164             45           1
        BANK3            0190-01EF             60           1
        CODE             0004-0604            601           2
                         0800-1EFF            800
        COMMON           007D-007D              1           1
        CONST            0004-0604            100           2
                         0800-1EFF            100
        EEDATA           2100-21FF            100           2
        ENTRY            0004-0604            100           2
                         0800-1EFF            100
        IDLOC            2000-2003              4           2
        RAM              0056-006F             1A           1
                         00A0-00EF             50
                         0120-0164             45
                         0190-01EF             60
        SFR0             0000-001F             20           1
        SFR1             0080-009F             20           1
        SFR2             0100-011F             20           1
        SFR3             0180-018F             10           1
        STACK            0190-01EF             60           1
        STRCODE          0004-0604            601           2
                         0800-1EFF           1700
        STRING           0004-0604            100           2
                         0800-1EFF            100

                                  Symbol Table

?_get_analog                      cstackCOMMON 0075
?_get_hall_state                  cstackCOMMON 0077
_ADCON0bits                       (abs)        001F
_ADCON1                           (abs)        009F
_ADRESH                           (abs)        001E
_ADRESL                           (abs)        009E
_ANSEL                            (abs)        0091
_PORTCbits                        (abs)        0007
_PORTDbits                        (abs)        0008
_PORTEbits                        (abs)        0009
_RCIF                             (abs)        0065
_RCREG                            (abs)        001A
_RCSTAbits                        (abs)        0018
_SPBRG                            (abs)        0099
_TRISA                            (abs)        0085
_TRISB                            (abs)        0086
_TRISC                            (abs)        0087
_TRISD                            (abs)        0088
_TRISE                            (abs)        0089
_TRMT                             (abs)        04C1
_TXREG                            (abs)        0019
_TXSTA                            (abs)        0098
__CFG_BOREN$ON                    (abs)        0000
__CFG_CP$OFF                      (abs)        0000
__CFG_CPD$OFF                     (abs)        0000
__CFG_DEBUG$ON                    (abs)        0000
__CFG_FCMEN$ON                    (abs)        0000
__CFG_FOSC$HS                     (abs)        0000
__CFG_IESO$ON                     (abs)        0000
__CFG_MCLRE$ON                    (abs)        0000
__CFG_PWRTE$OFF                   (abs)        0000
__CFG_WDTE$OFF                    (abs)        0000
__Habs1                           abs1         0000
__Hbank0                          bank0        0000
__Hbank1                          bank1        0000
__Hbank2                          bank2        0000
__Hbank3                          bank3        0000
__Hcinit                          cinit        0800
__Hclrtext                        clrtext      0000
__Hcode                           code         0000
__Hcommon                         common       0000
__Hconfig                         config       2008
__HcstackBANK0                    cstackBANK0  0000
__HcstackCOMMON                   cstackCOMMON 0000
__HdataBANK0                      dataBANK0    0000
__Heeprom_data                    eeprom_data  0000
__Hend_init                       end_init     0004
__Hfunctab                        functab      0000
__HidataBANK0                     idataBANK0   0000
__Hidloc                          idloc        0000
__Hinit                           init         0001
__Hinittext                       inittext     0000
__Hintentry                       intentry     0001
__Hmaintext                       maintext     0000
__HnvBANK0                        nvBANK0      0000
__Hpowerup                        powerup      0000
__Hram                            ram          0000
__Hreset_vec                      reset_vec    0001
__Hsfr0                           sfr0         0000
__Hsfr1                           sfr1         0000
__Hsfr2                           sfr2         0000
__Hsfr3                           sfr3         0000
__Hspace_0                        (abs)        2008
__Hspace_1                        (abs)        007D
__Hspace_2                        (abs)        0000
__Hspace_3                        (abs)        0000
__Hstack                          stack        0000
__Hstrings                        strings      0000
__Htext                           text         0000
__Labs1                           abs1         0000
__Lbank0                          bank0        0000
__Lbank1                          bank1        0000
__Lbank2                          bank2        0000
__Lbank3                          bank3        0000
__Lcinit                          cinit        07F0
__Lclrtext                        clrtext      0000
__Lcode                           code         0000
__Lcommon                         common       0000
__Lconfig                         config       2007
__LcstackBANK0                    cstackBANK0  0000
__LcstackCOMMON                   cstackCOMMON 0000
__LdataBANK0                      dataBANK0    0000
__Leeprom_data                    eeprom_data  0000
__Lend_init                       end_init     0001
__Lfunctab                        functab      0000
__LidataBANK0                     idataBANK0   0000
__Lidloc                          idloc        0000
__Linit                           init         0001
__Linittext                       inittext     0000
__Lintentry                       intentry     0001
__Lmaintext                       maintext     0000
__LnvBANK0                        nvBANK0      0000
__Lpowerup                        powerup      0000
__Lram                            ram          0000
__Lreset_vec                      reset_vec    0000
__Lsfr0                           sfr0         0000
__Lsfr1                           sfr1         0000
__Lsfr2                           sfr2         0000
__Lsfr3                           sfr3         0000
__Lspace_0                        (abs)        0000
__Lspace_1                        (abs)        0000
__Lspace_2                        (abs)        0000
__Lspace_3                        (abs)        0000
__Lstack                          stack        0000
__Lstrings                        strings      0000
__Ltext                           text         0000
__S0                              (abs)        2008
__S1                              (abs)        007D
__S2                              (abs)        0000
__S3                              (abs)        0000
___int_sp                         stack        0000
___latbits                        (abs)        0002
___sp                             stack        0000
__end_of__initialization          cinit        07FC
__end_of_analog_init              text5        077B
__end_of_get_analog               text4        0741
__end_of_get_hall_state           text11       07F0
__end_of_init_hall                text10       060F
__end_of_init_pin                 text9        0642
__end_of_init_uart                text8        0626
__end_of_main                     maintext     06C3
__end_of_read_hall                text12       06EB
__end_of_setup_mcu                text6        0666
__end_of_setup_port               text7        0633
__end_of_uart_write_char          text3        0619
__end_of_uart_write_unsigned_int  text2        0684
__end_of_uart_write_voltage       text1        06A3
__initialization                  cinit        07F0
__pcstackBANK0                    cstackBANK0  0049
__pcstackCOMMON                   cstackCOMMON 0071
__pdataBANK0                      dataBANK0    0020
__pidataBANK0                     idataBANK0   06EB
__pmaintext                       maintext     06A3
__pnvBANK0                        nvBANK0      0054
__ptext1                          text1        0684
__ptext10                         text10       0605
__ptext11                         text11       077B
__ptext12                         text12       06C3
__ptext2                          text2        0666
__ptext3                          text3        060F
__ptext4                          text4        0714
__ptext5                          text5        0741
__ptext6                          text6        0653
__ptext7                          text7        0626
__ptext8                          text8        0619
__ptext9                          text9        0633
__size_of_analog_init             (abs)        0000
__size_of_get_analog              (abs)        0000
__size_of_get_hall_state          (abs)        0000
__size_of_init_hall               (abs)        0000
__size_of_init_pin                (abs)        0000
__size_of_init_uart               (abs)        0000
__size_of_main                    (abs)        0000
__size_of_read_hall               (abs)        0000
__size_of_setup_mcu               (abs)        0000
__size_of_setup_port              (abs)        0000
__size_of_uart_write_char         (abs)        0000
__size_of_uart_write_unsigned_int (abs)        0000
__size_of_uart_write_voltage      (abs)        0000
_analog_init                      text5        0741
_get_analog                       text4        0714
_get_hall_state                   text11       077B
_init_hall                        text10       0605
_init_pin                         text9        0633
_init_state                       nvBANK0      0054
_init_uart                        text8        0619
_main                             maintext     06A3
_read_hall                        text12       06C3
_setup_mcu                        text6        0653
_setup_port                       text7        0626
_uart_write_char                  text3        060F
_uart_write_unsigned_int          text2        0666
_uart_write_voltage               text1        0684
analog_init@analog_port           cstackCOMMON 0071
btemp                             (abs)        007E
end_of_initialization             cinit        07FC
get_analog@output                 cstackBANK0  0049
get_analog@port                   cstackCOMMON 0075
get_hall_state@hallA              cstackBANK0  004B
get_hall_state@hallB              cstackBANK0  004D
get_hall_state@hallC              cstackBANK0  004F
get_hall_state@state              cstackBANK0  0049
init_fetch0                       inittext     0642
init_ram0                         inittext     0646
intlevel0                         functab      0000
intlevel1                         functab      0000
intlevel2                         functab      0000
intlevel3                         functab      0000
intlevel4                         functab      0000
intlevel5                         functab      0000
ltemp                             (abs)        007E
ltemp0                            (abs)        007E
ltemp1                            (abs)        0082
ltemp2                            (abs)        0086
ltemp3                            (abs)        0080
read_hall@hall_A                  cstackCOMMON 0076
read_hall@hall_B                  cstackCOMMON 0071
read_hall@hall_C                  cstackCOMMON 0072
reset_vec                         reset_vec    0000
stackhi                           (abs)        0000
stacklo                           (abs)        0000
start                             init         0001
start_initialization              cinit        07F0
ttemp                             (abs)        007E
ttemp0                            (abs)        007E
ttemp1                            (abs)        0081
ttemp2                            (abs)        0084
ttemp3                            (abs)        0087
ttemp4                            (abs)        007F
uart_write_char@data              cstackCOMMON 0071
uart_write_direction@F2949        dataBANK0    0035
uart_write_hall_state@F2945       dataBANK0    0020
uart_write_unsigned_int@char1     cstackCOMMON 0075
uart_write_unsigned_int@char2     cstackCOMMON 0076
uart_write_unsigned_int@number    cstackCOMMON 0071
uart_write_voltage@port           cstackBANK0  004B
uart_write_voltage@voltage        cstackBANK0  004D
wtemp                             (abs)        007E
wtemp0                            (abs)        007E
wtemp1                            (abs)        0080
wtemp2                            (abs)        0082
wtemp3                            (abs)        0084
wtemp4                            (abs)        0086
wtemp5                            (abs)        0088
wtemp6                            (abs)        007F


FUNCTION INFORMATION:

 *************** function _main *****************
 Defined at:
		line 13 in file "main.c"
 Parameters:    Size  Location     Type
		None
 Auto vars:     Size  Location     Type
		None
 Return value:  Size  Location     Type
                  1    wreg      void 
 Registers used:
		wreg, fsr0l, fsr0h, status,2, status,0, pclath, cstack
 Tracked objects:
		On entry : 
		On exit  : 
		Unchanged: 
 Data sizes:     COMMON   BANK0   BANK1   BANK3   BANK2
      Params:         0       0       0       0       0
      Locals:         0       0       0       0       0
      Temps:          0       3       0       0       0
      Totals:         0       3       0       0       0
Total ram usage:        3 bytes
 Hardware stack levels required when called:    4
 This function calls:
		_setup_mcu
		_uart_write_voltage
 This function is called by:
		Startup code after reset
 This function uses a non-reentrant model


 *************** function _uart_write_voltage *****************
 Defined at:
		line 85 in file "uart.c"
 Parameters:    Size  Location     Type
  port            2    2[BANK0 ] int 
 Auto vars:     Size  Location     Type
  voltage         2    4[BANK0 ] unsigned int 
 Return value:  Size  Location     Type
                  1    wreg      void 
 Registers used:
		wreg, fsr0l, fsr0h, status,2, status,0, pclath, cstack
 Tracked objects:
		On entry : 
		On exit  : 
		Unchanged: 
 Data sizes:     COMMON   BANK0   BANK1   BANK3   BANK2
      Params:         0       2       0       0       0
      Locals:         0       2       0       0       0
      Temps:          0       0       0       0       0
      Totals:         0       4       0       0       0
Total ram usage:        4 bytes
 Hardware stack levels used:    1
 Hardware stack levels required when called:    2
 This function calls:
		_get_analog
		_uart_write_char
		_uart_write_unsigned_int
 This function is called by:
		_main
 This function uses a non-reentrant model


 *************** function _uart_write_unsigned_int *****************
 Defined at:
		line 27 in file "uart.c"
 Parameters:    Size  Location     Type
  number          2    0[COMMON] unsigned int 
 Auto vars:     Size  Location     Type
  char2           1    5[COMMON] unsigned char 
  char1           1    4[COMMON] unsigned char 
 Return value:  Size  Location     Type
                  1    wreg      void 
 Registers used:
		wreg, status,2
 Tracked objects:
		On entry : 
		On exit  : 
		Unchanged: 
 Data sizes:     COMMON   BANK0   BANK1   BANK3   BANK2
      Params:         2       0       0       0       0
      Locals:         2       0       0       0       0
      Temps:          2       0       0       0       0
      Totals:         6       0       0       0       0
Total ram usage:        6 bytes
 Hardware stack levels used:    1
 This function calls:
		Nothing
 This function is called by:
		_uart_write_voltage
 This function uses a non-reentrant model


 *************** function _uart_write_char *****************
 Defined at:
		line 12 in file "uart.c"
 Parameters:    Size  Location     Type
  data            1    wreg     unsigned char 
 Auto vars:     Size  Location     Type
  data            1    0[COMMON] unsigned char 
 Return value:  Size  Location     Type
                  1    wreg      void 
 Registers used:
		wreg
 Tracked objects:
		On entry : 
		On exit  : 
		Unchanged: 
 Data sizes:     COMMON   BANK0   BANK1   BANK3   BANK2
      Params:         0       0       0       0       0
      Locals:         1       0       0       0       0
      Temps:          0       0       0       0       0
      Totals:         1       0       0       0       0
Total ram usage:        1 bytes
 Hardware stack levels used:    1
 This function calls:
		Nothing
 This function is called by:
		_uart_write_voltage
		_uart_write_string
		_uart_write_hall_state
		_uart_write_direction
 This function uses a non-reentrant model


 *************** function _get_analog *****************
 Defined at:
		line 53 in file "analog.c"
 Parameters:    Size  Location     Type
  port            2    4[COMMON] int 
 Auto vars:     Size  Location     Type
  output          2    0[BANK0 ] unsigned int 
 Return value:  Size  Location     Type
                  2    4[COMMON] unsigned int 
 Registers used:
		wreg, fsr0l, fsr0h, status,2, status,0, pclath, cstack
 Tracked objects:
		On entry : 
		On exit  : 
		Unchanged: 
 Data sizes:     COMMON   BANK0   BANK1   BANK3   BANK2
      Params:         2       0       0       0       0
      Locals:         0       2       0       0       0
      Temps:          6       0       0       0       0
      Totals:         8       2       0       0       0
Total ram usage:       10 bytes
 Hardware stack levels used:    1
 Hardware stack levels required when called:    1
 This function calls:
		_analog_init
 This function is called by:
		_uart_write_voltage
		_read_current
		_read_phase1
		_read_phase2
		_read_phase3
 This function uses a non-reentrant model


 *************** function _analog_init *****************
 Defined at:
		line 9 in file "analog.c"
 Parameters:    Size  Location     Type
  analog_port     2    0[COMMON] int 
 Auto vars:     Size  Location     Type
		None
 Return value:  Size  Location     Type
                  1    wreg      void 
 Registers used:
		wreg, fsr0l, fsr0h, status,2, status,0
 Tracked objects:
		On entry : 
		On exit  : 
		Unchanged: 
 Data sizes:     COMMON   BANK0   BANK1   BANK3   BANK2
      Params:         2       0       0       0       0
      Locals:         0       0       0       0       0
      Temps:          2       0       0       0       0
      Totals:         4       0       0       0       0
Total ram usage:        4 bytes
 Hardware stack levels used:    1
 This function calls:
		Nothing
 This function is called by:
		_get_analog
 This function uses a non-reentrant model


 *************** function _setup_mcu *****************
 Defined at:
		line 9 in file "micro_setup.c"
 Parameters:    Size  Location     Type
		None
 Auto vars:     Size  Location     Type
		None
 Return value:  Size  Location     Type
                  1    wreg      void 
 Registers used:
		wreg, fsr0l, fsr0h, status,2, status,0, pclath, cstack
 Tracked objects:
		On entry : 
		On exit  : 
		Unchanged: 
 Data sizes:     COMMON   BANK0   BANK1   BANK3   BANK2
      Params:         0       0       0       0       0
      Locals:         0       0       0       0       0
      Temps:          0       0       0       0       0
      Totals:         0       0       0       0       0
Total ram usage:        0 bytes
 Hardware stack levels used:    1
 Hardware stack levels required when called:    3
 This function calls:
		_init_hall
		_init_pin
		_init_uart
		_setup_port
 This function is called by:
		_main
 This function uses a non-reentrant model


 *************** function _setup_port *****************
 Defined at:
		line 17 in file "micro_setup.c"
 Parameters:    Size  Location     Type
		None
 Auto vars:     Size  Location     Type
		None
 Return value:  Size  Location     Type
                  1    wreg      void 
 Registers used:
		wreg, status,2
 Tracked objects:
		On entry : 
		On exit  : 
		Unchanged: 
 Data sizes:     COMMON   BANK0   BANK1   BANK3   BANK2
      Params:         0       0       0       0       0
      Locals:         0       0       0       0       0
      Temps:          0       0       0       0       0
      Totals:         0       0       0       0       0
Total ram usage:        0 bytes
 Hardware stack levels used:    1
 This function calls:
		Nothing
 This function is called by:
		_setup_mcu
 This function uses a non-reentrant model


 *************** function _init_uart *****************
 Defined at:
		line 34 in file "micro_setup.c"
 Parameters:    Size  Location     Type
		None
 Auto vars:     Size  Location     Type
		None
 Return value:  Size  Location     Type
                  1    wreg      void 
 Registers used:
		wreg
 Tracked objects:
		On entry : 
		On exit  : 
		Unchanged: 
 Data sizes:     COMMON   BANK0   BANK1   BANK3   BANK2
      Params:         0       0       0       0       0
      Locals:         0       0       0       0       0
      Temps:          0       0       0       0       0
      Totals:         0       0       0       0       0
Total ram usage:        0 bytes
 Hardware stack levels used:    1
 This function calls:
		Nothing
 This function is called by:
		_setup_mcu
 This function uses a non-reentrant model


 *************** function _init_pin *****************
 Defined at:
		line 73 in file "micro_setup.c"
 Parameters:    Size  Location     Type
		None
 Auto vars:     Size  Location     Type
		None
 Return value:  Size  Location     Type
                  1    wreg      void 
 Registers used:
		None
 Tracked objects:
		On entry : 
		On exit  : 
		Unchanged: 
 Data sizes:     COMMON   BANK0   BANK1   BANK3   BANK2
      Params:         0       0       0       0       0
      Locals:         0       0       0       0       0
      Temps:          0       0       0       0       0
      Totals:         0       0       0       0       0
Total ram usage:        0 bytes
 Hardware stack levels used:    1
 This function calls:
		Nothing
 This function is called by:
		_setup_mcu
 This function uses a non-reentrant model


 *************** function _init_hall *****************
 Defined at:
		line 90 in file "micro_setup.c"
 Parameters:    Size  Location     Type
		None
 Auto vars:     Size  Location     Type
		None
 Return value:  Size  Location     Type
                  1    wreg      void 
 Registers used:
		wreg, fsr0l, fsr0h, status,2, status,0, pclath, cstack
 Tracked objects:
		On entry : 
		On exit  : 
		Unchanged: 
 Data sizes:     COMMON   BANK0   BANK1   BANK3   BANK2
      Params:         0       0       0       0       0
      Locals:         0       0       0       0       0
      Temps:          0       0       0       0       0
      Totals:         0       0       0       0       0
Total ram usage:        0 bytes
 Hardware stack levels used:    1
 Hardware stack levels required when called:    2
 This function calls:
		_get_hall_state
 This function is called by:
		_setup_mcu
 This function uses a non-reentrant model


 *************** function _get_hall_state *****************
 Defined at:
		line 15 in file "hall_effect.c"
 Parameters:    Size  Location     Type
		None
 Auto vars:     Size  Location     Type
  hallC           2    6[BANK0 ] int 
  hallB           2    4[BANK0 ] int 
  hallA           2    2[BANK0 ] int 
  state           2    0[BANK0 ] int 
 Return value:  Size  Location     Type
                  2    6[COMMON] int 
 Registers used:
		wreg, fsr0l, fsr0h, status,2, status,0, pclath, cstack
 Tracked objects:
		On entry : 
		On exit  : 
		Unchanged: 
 Data sizes:     COMMON   BANK0   BANK1   BANK3   BANK2
      Params:         2       0       0       0       0
      Locals:         0       8       0       0       0
      Temps:          2       0       0       0       0
      Totals:         4       8       0       0       0
Total ram usage:       12 bytes
 Hardware stack levels used:    1
 Hardware stack levels required when called:    1
 This function calls:
		_read_hall
 This function is called by:
		_init_hall
		_hall_LED_state
		_get_direction
		_uart_write_hall_state
 This function uses a non-reentrant model


 *************** function _read_hall *****************
 Defined at:
		line 8 in file "hall_effect.c"
 Parameters:    Size  Location     Type
  hall_A          1    wreg     PTR int 
		 -> get_hall_state@hallA(2), 
  hall_B          1    0[COMMON] PTR int 
		 -> get_hall_state@hallB(2), 
  hall_C          1    1[COMMON] PTR int 
		 -> get_hall_state@hallC(2), 
 Auto vars:     Size  Location     Type
  hall_A          1    5[COMMON] PTR int 
		 -> get_hall_state@hallA(2), 
 Return value:  Size  Location     Type
                  1    wreg      void 
 Registers used:
		wreg, fsr0l, fsr0h, status,2, status,0
 Tracked objects:
		On entry : 
		On exit  : 
		Unchanged: 
 Data sizes:     COMMON   BANK0   BANK1   BANK3   BANK2
      Params:         2       0       0       0       0
      Locals:         1       0       0       0       0
      Temps:          3       0       0       0       0
      Totals:         6       0       0       0       0
Total ram usage:        6 bytes
 Hardware stack levels used:    1
 This function calls:
		Nothing
 This function is called by:
		_get_hall_state
 This function uses a non-reentrant model



MODULE INFORMATION

Module		Function		Class		Link	Load	Size
uart.c
		_uart_write_voltage		CODE           	0684	0000	32
		_uart_write_char		CODE           	060F	0000	11
		_uart_write_unsigned_int		CODE           	0666	0000	31

uart.c estimated size: 74

micro_setup.c
		_init_pin      		CODE           	0633	0000	16
		_init_uart     		CODE           	0619	0000	14
		_setup_mcu     		CODE           	0653	0000	20
		_setup_port    		CODE           	0626	0000	14
		_init_hall     		CODE           	0605	0000	11

micro_setup.c estimated size: 75

shared
		__initialization		CODE           	07F0	0000	13

shared estimated size: 13

hall_effect.c
		_read_hall     		CODE           	06C3	0000	41
		_get_hall_state		CODE           	077B	0000	118

hall_effect.c estimated size: 159

main.c
		_main          		CODE           	06A3	0000	33

main.c estimated size: 33

analog.c
		_get_analog    		CODE           	0714	0000	46
		_analog_init   		CODE           	0741	0000	59

analog.c estimated size: 105

